// Vitest Snapshot v1, https://vitest.dev/guide/snapshot.html

exports[`full pipeline > renders the kitchen-sink fixture to stable HTML 1`] = `
"<!DOCTYPE html>
<html lang="en">
<head>
<meta charset="utf-8">
<meta name="viewport" content="width=device-width, initial-scale=1">
<title>Kitchen Sink</title>
<style>
/* Claude theme — Warm Serif Essay
   Ivory background, ink text, clay-orange accent, serif throughout,
   dark code blocks (Shiki owns code colors via inline styles). */
:root {
  --bg: #faf9f5;
  --ink: #2b2a26;
  --muted: #6b655c;
  --accent: #cc785c;
  --accent-strong: #a64f34;
  --rule: #e7e0d2;
  --tint: #f3ede1;
  --code-inline-bg: #efe9df;
}

* { box-sizing: border-box; }
html { -webkit-text-size-adjust: 100%; }

body.theme-claude {
  margin: 0;
  background: var(--bg);
  color: var(--ink);
  font: 18px/1.75 Georgia, 'Iowan Old Style', 'Tiempos Text', 'Times New Roman', serif;
  -webkit-font-smoothing: antialiased;
  text-rendering: optimizeLegibility;
}

.theme-claude .md-content {
  max-width: 64ch;
  margin: 0 auto;
  padding: 4rem 1.5rem 6rem;
}

.theme-claude .md-header { margin-bottom: 2.5rem; }
.theme-claude .md-header h1 { margin: 0; }

.theme-claude h1, .theme-claude h2, .theme-claude h3,
.theme-claude h4, .theme-claude h5, .theme-claude h6 {
  font-family: Georgia, 'Tiempos Headline', serif;
  line-height: 1.25;
  color: #1a1915;
  letter-spacing: -0.01em;
  margin: 2.4rem 0 1rem;
  text-wrap: balance;
}
.theme-claude h1 { font-size: 2.4rem; font-weight: 600; }
.theme-claude h2 { font-size: 1.8rem; font-weight: 600; border-bottom: 1px solid var(--rule); padding-bottom: 0.35rem; }
.theme-claude h3 { font-size: 1.4rem; font-weight: 600; }
.theme-claude h4 { font-size: 1.15rem; font-weight: 700; }
.theme-claude p { margin: 1.1rem 0; text-wrap: pretty; }

.theme-claude a {
  color: var(--accent-strong);
  text-decoration: underline;
  text-decoration-thickness: 1px;
  text-underline-offset: 2px;
}
.theme-claude a:hover { color: var(--accent-strong); text-decoration-thickness: 2px; }

.theme-claude code {
  font-family: ui-monospace, 'SF Mono', 'Menlo', monospace;
  font-size: 0.88em;
  background: var(--code-inline-bg);
  color: var(--accent-strong);
  padding: 0.12em 0.4em;
  border-radius: 5px;
}

.theme-claude pre.shiki {
  margin: 1.6rem 0;
  padding: 1.1rem 1.3rem;
  border-radius: 12px;
  overflow-x: auto;
  font-size: 0.82rem;
  line-height: 1.6;
  box-shadow: 0 1px 2px rgba(0, 0, 0, 0.08), 0 8px 24px rgba(0, 0, 0, 0.06);
}
.theme-claude pre.shiki code {
  background: none;
  color: inherit;
  padding: 0;
  font-size: inherit;
}

.theme-claude blockquote {
  margin: 1.6rem 0;
  padding: 0.2rem 0 0.2rem 1.3rem;
  border-left: 3px solid var(--rule);
  color: var(--muted);
  font-style: italic;
}

.theme-claude .callout {
  margin: 1.6rem 0;
  padding: 0.9rem 1.2rem;
  border-radius: 10px;
  border-left: 3px solid var(--accent);
  background: var(--tint);
}
.theme-claude .callout-title {
  margin: 0 0 0.3rem;
  font-family: Georgia, serif;
  font-weight: 700;
  font-style: normal;
  font-size: 0.95rem;
  letter-spacing: 0.01em;
}
.theme-claude .callout > :last-child { margin-bottom: 0; }
.theme-claude .callout-note { border-left-color: #5b8def; background: #eef3fd; }
.theme-claude .callout-tip { border-left-color: #3fa66a; background: #ecf6ee; }
.theme-claude .callout-important { border-left-color: #8a63d2; background: #f1ecfa; }
.theme-claude .callout-warning { border-left-color: #d99a2b; background: #fbf3e2; }
.theme-claude .callout-caution { border-left-color: #d9534f; background: #fbecea; }
.theme-claude .callout-note .callout-title { color: #3a6fd0; }
.theme-claude .callout-tip .callout-title { color: #2f8f53; }
.theme-claude .callout-important .callout-title { color: #7a4fc0; }
.theme-claude .callout-warning .callout-title { color: #b9791f; }
.theme-claude .callout-caution .callout-title { color: #c0413c; }

.theme-claude .table-wrap { margin: 1.6rem 0; overflow-x: auto; }
.theme-claude table {
  width: 100%;
  border-collapse: collapse;
  margin: 0;
  font-size: 0.95rem;
}
.theme-claude th, .theme-claude td {
  text-align: left;
  padding: 0.5rem 0.8rem;
  border-bottom: 1px solid var(--rule);
}
.theme-claude th { font-family: Georgia, serif; }
.theme-claude thead th {
  background: var(--tint);
  border-bottom: 2px solid var(--rule);
}
.theme-claude tbody tr:hover { background: rgba(0, 0, 0, 0.02); }

.theme-claude ul, .theme-claude ol { padding-left: 1.4rem; }
.theme-claude li { margin: 0.35rem 0; }
.theme-claude .task-list-item { list-style: none; }
.theme-claude .task-list-item input { margin: 0 0.5rem 0 -1.2rem; }

.theme-claude img { max-width: 100%; height: auto; border-radius: 8px; }
.theme-claude hr { border: none; border-top: 1px solid var(--rule); margin: 2.5rem 0; }

.theme-claude .footnote-ref a {
  font-size: 0.82em;
  text-decoration: none;
  color: var(--accent-strong);
  padding: 0 0.1em;
}
.theme-claude .footnote-ref a:hover { text-decoration: underline; }

.theme-claude .footnotes {
  margin-top: 3rem;
  padding-top: 1rem;
  border-top: 1px solid var(--rule);
  font-size: 0.9rem;
  color: var(--muted);
}

</style>
</head>
<body class="theme-claude">
<article class="md-content">
<header class="md-header"><h1>Kitchen Sink</h1></header>
<h1 id="kitchen-sink" tabindex="-1">Kitchen Sink</h1>
<p>A paragraph with <strong>bold</strong>, <em>italic</em>, <code>inline code</code>, and a <a href="https://example.com">link</a>.</p>
<h2 id="lists" tabindex="-1">Lists</h2>
<ul>
<li>one</li>
<li>two</li>
</ul>
<ol>
<li>first</li>
<li>second</li>
</ol>
<ul class="contains-task-list">
<li class="task-list-item"><input class="task-list-item-checkbox" checked="" disabled="" type="checkbox"> done</li>
<li class="task-list-item"><input class="task-list-item-checkbox" disabled="" type="checkbox"> todo</li>
</ul>
<h2 id="table" tabindex="-1">Table</h2>
<div class="table-wrap">
<table>
<thead>
<tr>
<th>Feature</th>
<th>Supported</th>
</tr>
</thead>
<tbody>
<tr>
<td>Tables</td>
<td>Yes</td>
</tr>
</tbody>
</table>
</div>
<h2 id="code" tabindex="-1">Code</h2>
<pre class="shiki vitesse-dark" style="background-color:#121212;color:#dbd7caee" tabindex="0"><code class="language-js"><span class="line"><span style="color:#CB7676">const</span><span style="color:#BD976A"> x</span><span style="color:#666666"> =</span><span style="color:#4C9A91"> 1</span></span>
<span class="line"><span style="color:#BD976A">console</span><span style="color:#666666">.</span><span style="color:#80A665">log</span><span style="color:#666666">(</span><span style="color:#BD976A">x</span><span style="color:#666666">)</span></span></code></pre>
<h2 id="callout" tabindex="-1">Callout</h2>
<div class="callout callout-note">
<p class="callout-title">Note</p>
<p>Remember this.</p>
</div>
<h2 id="quote" tabindex="-1">Quote</h2>
<blockquote>
<p>A wise quote.</p>
</blockquote>
<p>Text with a footnote.<sup class="footnote-ref"><a href="#fn1" id="fnref1">[1]</a></sup></p>
<hr class="footnotes-sep">
<section class="footnotes">
<ol class="footnotes-list">
<li id="fn1" class="footnote-item"><p>The footnote. <a href="#fnref1" class="footnote-backref">↩︎</a></p>
</li>
</ol>
</section>

</article>
</body>
</html>
"
`;
